<?xml version="1.0" encoding="UTF-8"?>
<testsuites name="jest tests" tests="1" failures="0" errors="0" time="1.247">
  <testsuite name="undefined" errors="0" failures="0" skipped="0" timestamp="2024-10-03T10:59:31" time="1.063" tests="1">
    <testcase classname=" adds 1 + 2 to equal 3" name=" adds 1 + 2 to equal 3" time="0.005">
    </testcase>
  </testsuite>
</testsuites>